# Pin: tools/deslop_kz.py over koru_std at --min-nodes=32, measured
# 2026-10-13. The stdlib is the definitional layer — 45 spellings in
# use, a tight corpus. Keys are ceilings; see the sibling baselines.
clusters=75
members=123
skipped=2
spellings=45
# 70/111: store.keyed.kz joined io.blk-style import preamble clone w/ interpreter.select.kz (3 shared compiler-module imports, boilerplate)
# 71/113: bulkjoin's import-preamble clone (joined 2026-10-14) + in-flight
# pump/channel work in the shared checkout; re-pinning records the working
# tree as measured, per the row's uncommitted-work clause.
# 71/115: channel-custody decls + pump split shells (pump.run/pump.wait/
# pump.run-msgs) joined existing channel/io/pump event_decl twins. Measured
# identical against a clean HEAD worktree — committed growth, not
# working-tree drift; the pump shells sharing shape is the protocol.
# 73/118: wire/bridge landing split nine files into ~part siblings (the
# line wall's own answer); the twins the census newly counts are the split
# parts' decl shells — interpreter.runcached's tor decl twins run's by
# contract, bridge.session's import preamble joins kernel.fpga's cluster.
# Same category as the pump shells: decl-pair protocols, not folded slop.
# 75/123: module-home dedupe split channel.home/rings.home out of
# channel.kz/rings.new.kz; their import preambles join the existing
# preamble clusters (interpreter.arms, supervisor.decl) and the
# channel/rings event_decl shells twin by transform protocol.
