# Pin: tools/deslop.zig over src/ at --min-tokens=48, measured 2026-10-13
# on the deslop campaign's close (110+ lift commits; residue is test
# scaffolding and small idioms). Regrowth is the alarm — fold the clones
# it names, or re-pin here with the reason the duplication is intentional.
# Red-pins (measured 2026-10-13, deferred — real duplication whose fold
# needs deeper work than a same-session lift):
#   - struct_literal.punnableName ~ lexer.punnableName: verbatim 17-line
#     copy, kept local "to stay free of a lexer import". Folding it means
#     rewiring the emitted module graph (build.zig + koru_std/build.zig +
#     koru_std/build_backend.zig dep lines).
#   - deinit-map idiom: shape_analyzer/keyword_registry/metadata_aggregator
#     deinit bodies + the 13x `errdefer { deinit items; deinit list }`
#     family — one shared cleanup helper needs a module all these files
#     already import; none exists yet.
#   - ast_serializer optional-field emitters beyond writeOptString/
#     writeOptQuoted: serializeDottedPath x3, Json x2, SuperShape x1 —
#     too thin per dialect to name.
# Consciously retained: package_requires/compiler_requires fixture ASTs,
# phantom_semantic_checker test items, serializer Zig-vs-Json dialect
# twins — test scaffolding and intentional dialect split, not slop.
# Re-pinned members 747 -> 750 in the writeOptString/writeOptQuoted fold:
# deleting 43 identical emit blocks re-shaped ast_serializer's tree, so
# three previously-shadowed nodes surfaced as maximal members. Net code
# is down ~160 lines; the bump is a measurement artifact, not new slop.
# Re-pinned 609/750 -> 611/754 (2026-10-14): test_decl/simple_var_decl
# regrowth from the parser session's in-flight work in the shared
# checkout — same consciously-retained test-scaffolding class. The census
# reads the working tree; the pin records it as measured.
# Re-pinned 611/754 -> 613/758 (2026-09-26): the roll fired on foreign
# src/ drift — this commit is test-marker triage (pin re-pin + dir
# renames), zero src/ files. Same consciously-retained test-scaffolding
# class the pin documents.
# Re-pinned 613/758 -> 619/762 (2026-10-14): the roll fired on a signals/
# definition commit — zero src/ files staged. The named offenders are all
# test_decl/simple_var_decl scaffolding in *_test.zig plus the requires
# fixture ASTs, the consciously-retained class the pin documents; the
# growth landed between re-pins, not here.
# Re-pinned 619/762 -> 623/768 (2026-10): the roll fired on the
# composite-custody landing — zero *_test.zig staged. The named offenders
# are emitter_test/visitor_emitter_test/comptime_eval_test test_decl and
# simple_var_decl twins, the consciously-retained test-scaffolding class
# the pin documents; the growth landed between re-pins, not here.
clusters=623
members=768
