# Pin: tools/deslop_kz.py over koru_std at --min-nodes=32, measured
# 2026-10-13. The stdlib is the definitional layer — 45 spellings in
# use, a tight corpus. Keys are ceilings; see the sibling baselines.
clusters=71
members=113
skipped=2
spellings=45
# 70/111: store.keyed.kz joined io.blk-style import preamble clone w/ interpreter.select.kz (3 shared compiler-module imports, boilerplate)
# 71/113: bulkjoin's import-preamble clone (joined 2026-10-14) + in-flight
# pump/channel work in the shared checkout; re-pinning records the working
# tree as measured, per the row's uncommitted-work clause.
