# Pin: tools/deslop.zig over src/ at --min-tokens=32, measured 2026-10-13.
# The small-idiom tier — the floor where micro-duplication (indent fills,
# EOF guards, join bodies) lives. Same alarm contract as the 48 pin.
#
# Re-pinned in "refuse malformed field lists in const blocks" (branch
# tightening-015, parent ab5ec044d): the alarm rolled late — the tree had
# already drifted to clusters=1509,
# members=2062 at the parent commit (emitter_test/visitor_emitter_test
# field-literal clones landed under rolls that missed). This commit's own
# delta is near zero: its new emit-and-exit diagnostic was folded into the
# shared emitLocatedDiagAndExit helper before pinning. The residual named
# by the census is the test-file `.{ .name = ..., .type = ... }` literal
# idiom — fold material for a dedicated deslop pass, not for this refusal
# commit.
# Re-pinned in "drain lowers to the clear unit's canonical reset":
# the roll fired on a +1 member drift in the same documented residual
# (emitter_test/visitor_emitter_test field-literal clones) — no src/
# files in this commit; clusters sit under pin at 1509.
# Re-pinned in "float regression signals to sidetrack, auto-diff the
# board": the roll fired on +4 clusters / +6 members of foreign src/
# drift accumulated since the last re-pin — this commit touches only
# harness shell (run_regression.sh, run_single_test.sh) and a concept
# frag; zero src/ files. The residual named is the same documented
# emitter_test/visitor_emitter_test field-literal idiom.
# Re-pinned in "blogpost skill: the design journey does not survive
# publication": the roll fired on +1 cluster / +1 member of foreign src/
# drift — this commit touches only a .claude skill doc; zero src/ files.
# The residual named is the same documented field-literal idiom.
clusters=1536
members=2091
# Re-pinned in "channel: transit mints refuse auto-discharge": +1 member
# is the three `getPtr → not_auto_dischargeable` flag sets at the
# custody-decl seed sites joining the existing flag-set idiom cluster;
# the named emitter_test/visitor_emitter_test residual is unchanged.
# Re-pinned in "module home: synthesized qualifiers spell the logical
# name": +9 clusters / +4 members are ast_functional's three new
# item-tree walks (moduleHome / containingFlow / findEventDecl) sharing
# the for/switch/descend idiom every AST traversal in src/ wears — the
# same shape that already folds five .kz copies into one Zig copy.
# Re-pinned in "add compiler mints: mint/use/check over the
# compiler:requires seam": the roll fired on +7 clusters / +8 members of
# foreign drift in the same documented emitter_test/visitor_emitter_test
# field-literal residual — this commit's own src/ delta contributes no
# members at this tier (the mint refusal blocks are below 32 tokens or
# message-divergent); the only main.zig/parser.zig sites the census
# names predate it.
# Re-pinned in "gate: judgment rows delegate to the profile's declared
# judge": the roll fired on +5 clusters / +6 members of foreign src/
# drift in the same documented emitter_test/visitor_emitter_test/
# glob_matcher_spec_test decl-literal residual — this commit touches only
# koru_std/, tests/, and a concept frag; zero src/ files.
